Windows PowerShell
Copyright (C) Microsoft Corporation. All rights reserved.
Install the latest PowerShell for new features and improvements! https://aka.ms/PSWindows

PS C:\Users\hp\Documents\RA001 Step\PalindroneCheckerApp> git status
On branch main
Your branch is up to date with 'origin/main'.

Changes to be committed:
  (use "git restore --staged <file>..." to unstage)
        new file:   src/PalindroneCheckerApp.java

Changes not staged for commit:
  (use "git add <file>..." to update what will be committed)
  (use "git restore <file>..." to discard changes in working directory)
        modified:   src/PalindroneCheckerApp.java

Untracked files:
  (use "git add <file>..." to include in what will be committed)
        .gitignore
        PalindroneCheckerApp.iml

PS C:\Users\hp\Documents\RA001 Step\PalindroneCheckerApp> git checkout -b feature/UC1
Switched to a new branch 'feature/UC1'
PS C:\Users\hp\Documents\RA001 Step\PalindroneCheckerApp> git branch
* feature/UC1
  main
PS C:\Users\hp\Documents\RA001 Step\PalindroneCheckerApp> git add .
warning: in the working copy of '.gitignore', LF will be replaced by CRLF the next time Git touches it
PS C:\Users\hp\Documents\RA001 Step\PalindroneCheckerApp> git status
On branch feature/UC1
Changes to be committed:
  (use "git restore --staged <file>..." to unstage)
        new file:   .gitignore
        new file:   .idea/.gitignore
        new file:   .idea/misc.xml
        new file:   .idea/modules.xml
        new file:   .idea/vcs.xml
        new file:   PalindroneCheckerApp.iml
        new file:   src/PalindroneCheckerApp.java

PS C:\Users\hp\Documents\RA001 Step\PalindroneCheckerApp> git commit -m "UC1 done"

[feature/UC1 7d84017] UC1 done
 7 files changed, 68 insertions(+)
 create mode 100644 .gitignore
 create mode 100644 .idea/.gitignore
 create mode 100644 .idea/misc.xml
 create mode 100644 .idea/modules.xml
 create mode 100644 .idea/vcs.xml
 create mode 100644 PalindroneCheckerApp.iml
 create mode 100644 src/PalindroneCheckerApp.java
PS C:\Users\hp\Documents\RA001 Step\PalindroneCheckerApp> git remote add origin https://github.com/JeffreyAjith/PalindroneCheckerApp.git
error: remote origin already exists.
PS C:\Users\hp\Documents\RA001 Step\PalindroneCheckerApp> git remote add origins  https://github.com/JeffreyAjith/PalindroneCheckerApp.git
PS C:\Users\hp\Documents\RA001 Step\PalindroneCheckerApp> git remote -v
origin  https://github.com/JeffreyAjith/PalindroneCheckerApp.git (fetch)
origin  https://github.com/JeffreyAjith/PalindroneCheckerApp.git (push)
origins https://github.com/JeffreyAjith/PalindroneCheckerApp.git (fetch)
origins https://github.com/JeffreyAjith/PalindroneCheckerApp.git (push)
PS C:\Users\hp\Documents\RA001 Step\PalindroneCheckerApp> git push origin feature/UC1
Enumerating objects: 12, done.
Counting objects: 100% (12/12), done.
Delta compression using up to 12 threads
Compressing objects: 100% (10/10), done.
Writing objects: 100% (11/11), 1.72 KiB | 353.00 KiB/s, done.
Total 11 (delta 0), reused 0 (delta 0), pack-reused 0 (from 0)
remote:
remote: Create a pull request for 'feature/UC1' on GitHub by visiting:
remote:      https://github.com/JeffreyAjith/PalindroneCheckerApp/pull/new/feature/UC1
remote:
To https://github.com/JeffreyAjith/PalindroneCheckerApp.git
 * [new branch]      feature/UC1 -> feature/UC1
 * [new branch]      feature/UC1 -> feature/UC1
PS C:\Users\hp\Documents\RA001 Step\PalindroneCheckerApp> git checkout -b feature/UC2
Switched to a new branch 'feature/UC2'
PS C:\Users\hp\Documents\RA001 Step\PalindroneCheckerApp> git branch
  feature/UC1
* feature/UC2
  main